load_pack 218.0s
shipped Counts: 300 records, 24 distinct; Global values 1152
likelihood bits (3 Globals, max over distinct records): [15, 16, 18]
T=    0: posterior kernel   0.00s  once   0.00s  int   0.00s | mass bits     11 | states 1152 | episode_prior   0.01s | _play   1.32s  acts ('confidence', 'second_opinion', 'answer_primary')
T=  300: posterior kernel   3.31s  once   1.41s  int   1.41s | mass bits   4866 | states 1152 | episode_prior   3.48s | _play  19.95s  acts ('confidence', 'second_opinion', 'answer_primary')
T=  600: posterior kernel   4.78s  once   1.72s  int   1.76s | mass bits   9735 | states 1152 | episode_prior   5.34s | _play  57.18s  acts ('confidence', 'second_opinion', 'answer_primary')
         33487726 function calls (33487630 primitive calls) in 65.630 seconds

   Ordered by: cumulative time
   List reduced from 78 to 18 due to restriction <18>

   ncalls  tottime  percall  cumtime  percall filename:lineno(function)
  3244136    0.965    0.000   60.443    0.000 /home/g/.local/share/uv/python/cpython-3.13-linux-x86_64-gnu/lib/python3.13/fractions.py:663(forward)
        1    0.001    0.001   56.856   56.856 /home/g/git/wald-arena/.venv/lib/python3.13/site-packages/wald/episode.py:77(_play)
      153    0.170    0.001   56.440    0.369 {built-in method builtins.sum}
        3    0.000    0.000   55.431   18.477 /home/g/git/wald-arena/.venv/lib/python3.13/site-packages/wald/decide.py:125(step)
     71/3    0.010    0.000   55.261   18.420 /home/g/git/wald-arena/.venv/lib/python3.13/site-packages/wald/decide.py:47(_value)
  5801535   53.463    0.000   53.463    0.000 {built-in method math.gcd}
  1236166    2.342    0.000   53.262    0.000 /home/g/.local/share/uv/python/cpython-3.13-linux-x86_64-gnu/lib/python3.13/fractions.py:760(_add)
     34/6    0.018    0.001   48.682    8.114 /home/g/git/wald-arena/.venv/lib/python3.13/site-packages/wald/decide.py:23(_q)
      102    0.276    0.003   37.832    0.371 /home/g/git/wald-arena/.venv/lib/python3.13/site-packages/wald/belief.py:147(_dot)
       25    0.000    0.000   15.598    0.624 /home/g/git/wald-arena/.venv/lib/python3.13/site-packages/wald/belief.py:154(_mass)
       26    0.040    0.002   10.124    0.389 /home/g/git/wald-arena/.venv/lib/python3.13/site-packages/wald/belief.py:89(_update)
        1    0.004    0.004    8.774    8.774 /home/g/git/wald-arena/.venv/lib/python3.13/site-packages/wald/counts.py:66(episode_prior)
        1    0.005    0.005    8.705    8.705 /home/g/git/wald-arena/.venv/lib/python3.13/site-packages/wald/counts.py:56(posterior_global)
    55296    0.029    0.000    5.896    0.000 /home/g/git/wald-arena/.venv/lib/python3.13/site-packages/wald/counts.py:51(at)
    55296    0.935    0.000    5.757    0.000 /home/g/git/wald-arena/.venv/lib/python3.13/site-packages/wald/counts.py:25(likelihood)
  1972258    1.979    0.000    4.644    0.000 /home/g/.local/share/uv/python/cpython-3.13-linux-x86_64-gnu/lib/python3.13/fractions.py:792(_mul)
    44954    0.025    0.000    3.305    0.000 /home/g/git/wald-arena/.venv/lib/python3.13/site-packages/wald/belief.py:95(<genexpr>)
  1287936    0.454    0.000    2.009    0.000 /home/g/git/wald-arena/.venv/lib/python3.13/site-packages/wald/kernels.py:32(at)



maxrss 1.26 GB
